// Jest Snapshot v1, https://goo.gl/fbAQLP

exports[`snapshot test property matchers 1`] = `
Object {
  "createdAt": Any<Date>,
  "id": Any<Number>,
  "name": "test user",
}
`;

exports[`snapshot test renders correctly 1`] = `
<a
  href="http://www.facebook.com"
  onMouseEnter={[Function]}
  onMouseLeave={[Function]}
>
  Facebook
</a>
`;
